
 Start  Stop   Length Name               Class

 00000H 03BB4H 03BB5H _TEXT              CODE
 03BB6H 04CC4H 0110FH _DATA              DATA
 04CC6H 05516H 00851H _BSS               BSS


Detailed map of segments

 0000:0000 00C3 C=CODE   S=_TEXT          G=(none)  M=INIT.C     ACBP=28
 0000:00C3 192B C=CODE   S=_TEXT          G=(none)  M=COMMAND.C  ACBP=28
 0000:19EE 084E C=CODE   S=_TEXT          G=(none)  M=LIB.C      ACBP=28
 0000:223C 01AB C=CODE   S=_TEXT          G=(none)  M=MINISO.ASM ACBP=28
 0000:23E7 17CE C=CODE   S=_TEXT          G=(none)  M=SCALL.C    ACBP=28
 03BB:0006 004E C=DATA   S=_DATA          G=DGROUP  M=INIT.C     ACBP=48
 03BB:0054 0EAC C=DATA   S=_DATA          G=DGROUP  M=COMMAND.C  ACBP=48
 03BB:0F00 0000 C=DATA   S=_DATA          G=DGROUP  M=LIB.C      ACBP=48
 03BB:0F00 0002 C=DATA   S=_DATA          G=DGROUP  M=MINISO.ASM ACBP=48
 03BB:0F02 0213 C=DATA   S=_DATA          G=DGROUP  M=SCALL.C    ACBP=48
 03BB:1116 0000 C=BSS    S=_BSS           G=DGROUP  M=INIT.C     ACBP=48
 03BB:1116 0659 C=BSS    S=_BSS           G=DGROUP  M=COMMAND.C  ACBP=48
 03BB:1770 0000 C=BSS    S=_BSS           G=DGROUP  M=LIB.C      ACBP=48
 03BB:1770 01F7 C=BSS    S=_BSS           G=DGROUP  M=SCALL.C    ACBP=48

  Address         Publics by Name

 0000:2318 idle  LDIV@
 0000:2329 idle  LMOD@
 0000:2320 idle  LUDIV@
 0000:2332 idle  LUMOD@
 0000:23C9 idle  LXLSH@
 0000:22FE idle  LXMUL@
 0000:2315 idle  N_LDIV@
 0000:2326 idle  N_LMOD@
 0000:231D       N_LUDIV@
 0000:232F       N_LUMOD@
 0000:23C6 idle  N_LXLSH@
 0000:22F5       N_LXMUL@
 0000:1CCB       _ATOI
 0000:1A05       _CLRSCR
 0000:0A73 idle  _CMD_CLS
 0000:0938 idle  _CMD_DATE
 0000:10D7 idle  _CMD_DEMO
 0000:0E7F idle  _CMD_ECHO
 0000:08CB idle  _CMD_EXIT
 0000:08E0 idle  _CMD_HELP
 0000:0D5E idle  _CMD_KILL
 0000:18DF idle  _CMD_PRODCONS
 0000:0AB8 idle  _CMD_PS
 0000:08B5 idle  _CMD_REBOOT
 0000:15D2 idle  _CMD_RESUME
 0000:1328 idle  _CMD_SEMCREATE
 0000:154D idle  _CMD_SEMDESTROY
 0000:1232 idle  _CMD_SEMLS
 0000:14C0 idle  _CMD_SEMTEST
 0000:1514 idle  _CMD_SEMUP
 0000:0DA6 idle  _CMD_SET
 0000:1586 idle  _CMD_STOP
 0000:19BF idle  _CMD_TCONS
 0000:09D3 idle  _CMD_TIME
 0000:1990 idle  _CMD_TPROD
 0000:0E3F idle  _CMD_UNSET
 0000:0A89 idle  _CMD_VER
 0000:11BA idle  _CMD_WAIT
 0000:112B idle  _CMD_WAITPID
 0000:00C3       _COMMAND
 0000:1887 idle  _CONSOME
 0000:18A5 idle  _CONSUMIDOR
 0000:22B3       _DISABLE
 0000:22B1       _ENABLE
 0000:2198       _EXIT
 0000:212C       _FORK
 0000:22C8       _FP_OFF
 0000:22C0       _FP_SEG
 0000:19FA       _GETCH
 0000:1A7D       _GETCOLOR
 0000:1AB9       _GETDATE
 0000:21A4       _GETPID
 0000:21AF idle  _GETPPID
 0000:1ADC       _GETTIME
 0000:2294       _GETVECT
 0000:1AAA       _GOTOXY
 0000:168B idle  _IMPRIMEBUFFER
 0000:1638 idle  _IMPRIMECONTEUDOBUFFER
 0000:17C0 idle  _INCREMENTAPOSICAONOBUFFER
 0000:161E idle  _INICIALIZABUFFER
 0000:22D0       _INIT_DS
 0000:22DA       _INIT_STACK
 0000:205F       _INTTOSTR
 0000:1CA4 idle  _ISALPHA
 0000:1C87 idle  _ISDIGIT
 0000:213D       _KILL
 0000:0000 idle  _MAIN
 0000:224C       _MINISO_CLOCKHANDLER
 0000:2778       _MINISO_CONTEXTSWITCH
 03BB:1776 idle  _MINISO_DELCURTHREAD
 03BB:0F0B idle  _MINISO_FREE
 0000:28BE       _MINISO_INIT_PROCTABLE
 0000:28A3 idle  _MINISO_INIT_SEMTABLE
 03BB:1774 idle  _MINISO_NEXTTHREAD
 03BB:1770       _MINISO_OLDISR
 03BB:0F09 idle  _MINISO_READY
 0000:225D       _MINISO_RETURN_ADDR
 03BB:0F0D idle  _MINISO_SCALL_TABLE
 03BB:1917       _MINISO_SEM
 0000:223C       _MINISO_SYSTEMCALL
 03BB:1777       _MINISO_THREAD
 0000:22B5       _MK_FP
 0000:184D idle  _PRODUTOR
 0000:182F idle  _PRODUZ
 0000:19EE       _PUTCH
 0000:1A0E       _PUTSTR
 0000:1A2D       _PUTSTRXY
 0000:2123       _REBOOT
 0000:222E       _RESUME
 0000:23E7       _SCALL
 0000:25A7 idle  _SC_CLRSCR
 0000:326A idle  _SC_EXIT
 0000:29BF idle  _SC_FORK
 0000:2557 idle  _SC_GETCH
 0000:25C9 idle  _SC_GETCOLOR
 0000:262F idle  _SC_GETDATE
 0000:34EF idle  _SC_GETPID
 0000:3504 idle  _SC_GETPPID
 0000:26DF idle  _SC_GETTIME
 0000:2601 idle  _SC_GOTOXY
 0000:2C1B idle  _SC_KILL
 0000:24C1 idle  _SC_PUTCH
 0000:299F idle  _SC_REBOOT
 0000:3B25 idle  _SC_RESUME
 0000:374F idle  _SC_SEMCREATE
 0000:3A46 idle  _SC_SEMDESTROY
 0000:3900 idle  _SC_SEMDOWN
 0000:37DA idle  _SC_SEMSET
 0000:3813 idle  _SC_SEMUP
 0000:3519 idle  _SC_SENDSIGNAL
 0000:25D4 idle  _SC_SETCOLOR
 0000:3A7E idle  _SC_STOP
 0000:30EA idle  _SC_WAIT
 0000:2F17 idle  _SC_WAITPID
 0000:3619 idle  _SC_WAITSIGNAL
 0000:25E3 idle  _SC_WHEREX
 0000:25F0 idle  _SC_WHEREY
 0000:21D7       _SEMCREATE
 0000:2212       _SEMDESTROY
 0000:2204       _SEMDOWN
 03BB:112A idle  _SEMID
 0000:21E5 idle  _SEMSET
 0000:21F6       _SEMUP
 0000:13B7 idle  _SEM_APLIC
 0000:21BA idle  _SENDSIGNAL
 0000:1A88       _SETCOLOR
 0000:226D       _SETVECT
 0000:17D9 idle  _SLEEP
 0000:2220       _STOP
 0000:1C2B       _STRCMP
 0000:1AFF       _STRCPY
 0000:1C6D       _STRLEN
 0000:1BDF idle  _STRLWR
 0000:1B41 idle  _STRNCPY
 0000:1B93 idle  _STRUPR
 0000:1E25 idle  _UNSIGNEDLONGTOSTR
 0000:1D45       _UNSIGNEDTOSTR
 0000:1FDF idle  _UNSIGNEDTOSTRHEXA
 0000:214B       _WAIT
 0000:2170       _WAITPID
 0000:21CB idle  _WAITSIGNAL
 0000:1A94       _WHEREX
 0000:1A9F       _WHEREY

  Address         Publics by Value

 0000:0000 idle  _MAIN
 0000:00C3       _COMMAND
 0000:08B5 idle  _CMD_REBOOT
 0000:08CB idle  _CMD_EXIT
 0000:08E0 idle  _CMD_HELP
 0000:0938 idle  _CMD_DATE
 0000:09D3 idle  _CMD_TIME
 0000:0A73 idle  _CMD_CLS
 0000:0A89 idle  _CMD_VER
 0000:0AB8 idle  _CMD_PS
 0000:0D5E idle  _CMD_KILL
 0000:0DA6 idle  _CMD_SET
 0000:0E3F idle  _CMD_UNSET
 0000:0E7F idle  _CMD_ECHO
 0000:10D7 idle  _CMD_DEMO
 0000:112B idle  _CMD_WAITPID
 0000:11BA idle  _CMD_WAIT
 0000:1232 idle  _CMD_SEMLS
 0000:1328 idle  _CMD_SEMCREATE
 0000:13B7 idle  _SEM_APLIC
 0000:14C0 idle  _CMD_SEMTEST
 0000:1514 idle  _CMD_SEMUP
 0000:154D idle  _CMD_SEMDESTROY
 0000:1586 idle  _CMD_STOP
 0000:15D2 idle  _CMD_RESUME
 0000:161E idle  _INICIALIZABUFFER
 0000:1638 idle  _IMPRIMECONTEUDOBUFFER
 0000:168B idle  _IMPRIMEBUFFER
 0000:17C0 idle  _INCREMENTAPOSICAONOBUFFER
 0000:17D9 idle  _SLEEP
 0000:182F idle  _PRODUZ
 0000:184D idle  _PRODUTOR
 0000:1887 idle  _CONSOME
 0000:18A5 idle  _CONSUMIDOR
 0000:18DF idle  _CMD_PRODCONS
 0000:1990 idle  _CMD_TPROD
 0000:19BF idle  _CMD_TCONS
 0000:19EE       _PUTCH
 0000:19FA       _GETCH
 0000:1A05       _CLRSCR
 0000:1A0E       _PUTSTR
 0000:1A2D       _PUTSTRXY
 0000:1A7D       _GETCOLOR
 0000:1A88       _SETCOLOR
 0000:1A94       _WHEREX
 0000:1A9F       _WHEREY
 0000:1AAA       _GOTOXY
 0000:1AB9       _GETDATE
 0000:1ADC       _GETTIME
 0000:1AFF       _STRCPY
 0000:1B41 idle  _STRNCPY
 0000:1B93 idle  _STRUPR
 0000:1BDF idle  _STRLWR
 0000:1C2B       _STRCMP
 0000:1C6D       _STRLEN
 0000:1C87 idle  _ISDIGIT
 0000:1CA4 idle  _ISALPHA
 0000:1CCB       _ATOI
 0000:1D45       _UNSIGNEDTOSTR
 0000:1E25 idle  _UNSIGNEDLONGTOSTR
 0000:1FDF idle  _UNSIGNEDTOSTRHEXA
 0000:205F       _INTTOSTR
 0000:2123       _REBOOT
 0000:212C       _FORK
 0000:213D       _KILL
 0000:214B       _WAIT
 0000:2170       _WAITPID
 0000:2198       _EXIT
 0000:21A4       _GETPID
 0000:21AF idle  _GETPPID
 0000:21BA idle  _SENDSIGNAL
 0000:21CB idle  _WAITSIGNAL
 0000:21D7       _SEMCREATE
 0000:21E5 idle  _SEMSET
 0000:21F6       _SEMUP
 0000:2204       _SEMDOWN
 0000:2212       _SEMDESTROY
 0000:2220       _STOP
 0000:222E       _RESUME
 0000:223C       _MINISO_SYSTEMCALL
 0000:224C       _MINISO_CLOCKHANDLER
 0000:225D       _MINISO_RETURN_ADDR
 0000:226D       _SETVECT
 0000:2294       _GETVECT
 0000:22B1       _ENABLE
 0000:22B3       _DISABLE
 0000:22B5       _MK_FP
 0000:22C0       _FP_SEG
 0000:22C8       _FP_OFF
 0000:22D0       _INIT_DS
 0000:22DA       _INIT_STACK
 0000:22F5       N_LXMUL@
 0000:22FE idle  LXMUL@
 0000:2315 idle  N_LDIV@
 0000:2318 idle  LDIV@
 0000:231D       N_LUDIV@
 0000:2320 idle  LUDIV@
 0000:2326 idle  N_LMOD@
 0000:2329 idle  LMOD@
 0000:232F       N_LUMOD@
 0000:2332 idle  LUMOD@
 0000:23C6 idle  N_LXLSH@
 0000:23C9 idle  LXLSH@
 0000:23E7       _SCALL
 0000:24C1 idle  _SC_PUTCH
 0000:2557 idle  _SC_GETCH
 0000:25A7 idle  _SC_CLRSCR
 0000:25C9 idle  _SC_GETCOLOR
 0000:25D4 idle  _SC_SETCOLOR
 0000:25E3 idle  _SC_WHEREX
 0000:25F0 idle  _SC_WHEREY
 0000:2601 idle  _SC_GOTOXY
 0000:262F idle  _SC_GETDATE
 0000:26DF idle  _SC_GETTIME
 0000:2778       _MINISO_CONTEXTSWITCH
 0000:28A3 idle  _MINISO_INIT_SEMTABLE
 0000:28BE       _MINISO_INIT_PROCTABLE
 0000:299F idle  _SC_REBOOT
 0000:29BF idle  _SC_FORK
 0000:2C1B idle  _SC_KILL
 0000:2F17 idle  _SC_WAITPID
 0000:30EA idle  _SC_WAIT
 0000:326A idle  _SC_EXIT
 0000:34EF idle  _SC_GETPID
 0000:3504 idle  _SC_GETPPID
 0000:3519 idle  _SC_SENDSIGNAL
 0000:3619 idle  _SC_WAITSIGNAL
 0000:374F idle  _SC_SEMCREATE
 0000:37DA idle  _SC_SEMSET
 0000:3813 idle  _SC_SEMUP
 0000:3900 idle  _SC_SEMDOWN
 0000:3A46 idle  _SC_SEMDESTROY
 0000:3A7E idle  _SC_STOP
 0000:3B25 idle  _SC_RESUME
 03BB:0F09 idle  _MINISO_READY
 03BB:0F0B idle  _MINISO_FREE
 03BB:0F0D idle  _MINISO_SCALL_TABLE
 03BB:112A idle  _SEMID
 03BB:1770       _MINISO_OLDISR
 03BB:1774 idle  _MINISO_NEXTTHREAD
 03BB:1776 idle  _MINISO_DELCURTHREAD
 03BB:1777       _MINISO_THREAD
 03BB:1917       _MINISO_SEM

Program entry point at 0000:0000
Warning: No stack

